TypeError: Cannot redefine property: Symbol($$jest-matchers-object)
    at C:\Users\moreivar\Desktop\Versa-App\node_modules\@vitest\expect\dist\index.js:680:9
TypeError: Cannot redefine property: Symbol($$jest-matchers-object)
    at C:\Users\moreivar\Desktop\Versa-App\node_modules\@vitest\expect\dist\index.js:680:9

