[dotenv@17.2.3] injecting env (3) from .env -- tip: ­ƒøá´©Å  run anywhere with `dotenvx run -- yourcommand`
[dotenv@17.2.3] injecting env (0) from .env -- tip: ­ƒöæ add access controls to secrets: https://dotenvx.com/ops
Iniciando prueba de movimientos de inventario...
­ƒöî Conexi├│n exitosa a la base de datos de Neon!
Sucursal: { id: 1 }
Cliente: { id: 1185 }
Producto: { id: 18, stock: '0' }
Producto ID: 18, Stock Inicial: 100
--- CREANDO ORDEN ---
­ƒöî Conexi├│n exitosa a la base de datos de Neon!
node : ERROR CREANDO 
ORDEN: Veh├¡culo no 
v├ílido o no 
pertenece al tenant
En línea: 1 Carácter: 
1
+ node c:\Users\moreiv
ar\Desktop\Versa-App\b
ackend\test-inventory.
js >  ...
+ ~~~~~~~~~~~~~~~~~~~~
~~~~~~~~~~~~~~~~~~~~~~
~~~~~~~~~~~~~~~~~~~~~~
~~~~~
    + CategoryInfo    
          : NotSpeci  
  fied: (ERROR CREA   
 NDO O...enece al     
tenant:String) []    
, RemoteException
    + FullyQualifiedE 
   rrorId : NativeCo  
  mmandError
 
TEST FAILED: Error: 
Veh├¡culo no v├ílido 
o no pertenece al 
tenant
    at OrdenesService.
createOrden (c:\Users\
moreivar\Desktop\Versa
-App\backend\services\
ordenesService.js:47:3
6)
    at process.process
TicksAndRejections (no
de:internal/process/ta
sk_queues:103:5)
    at async runTest (
c:\Users\moreivar\Desk
top\Versa-App\backend\
test-inventory.js:74:2
6)
